// Jest Snapshot v1, https://goo.gl/fbAQLP

exports[`Pruebas en <HomeScreen/> debe de mostrarse correctamente 1`] = `
<div>
  <h1>
    HomeScreen
  </h1>
  <br />
  <pre>
    {
  "name": "obbijuan",
  "mail": "obbijuan@gmail.com"
}
  </pre>
</div>
`;
