// Jest Snapshot v1, https://goo.gl/fbAQLP

exports[`pruebas en <LoginScreen/> debe de mostrarse correctamente 1`] = `
<div>
  <h1>
    LoginScreen
  </h1>
  <br />
  <button
    className="btn btn-primary"
    onClick={[Function]}
  >
    login
  </button>
</div>
`;
