// Jest Snapshot v1, https://goo.gl/fbAQLP

exports[`Pruebas en <GifGridItem> debe de mostrar el componente correctamente 1`] = `
<div
  className="card"
>
  <img
    alt="Titulo Ejemplo"
    src="https://localhost/test.jpg"
  />
  <p>
    Titulo Ejemplo
  </p>
</div>
`;
